2026-07-24 git branch --show-current
2026-07-24 git rev-parse HEAD
2026-07-24 git status --porcelain
2026-07-24 sw_vers
2026-07-24 uname -m
2026-07-24 sysctl -n hw.logicalcpu hw.memsize machdep.cpu.brand_string
2026-07-24 df -k /
2026-07-24 docker --version
2026-07-24 docker compose version
2026-07-24 python3 --version
2026-07-24 node --version
2026-07-24 npm --version
2026-07-24 docker compose ps
2026-07-24 docker compose exec mysql mysql --version
2026-07-24 docker compose exec redis redis-server --version
2026-07-24 docker compose exec clickhouse clickhouse-server --version
2026-07-24 web/backend/.venv/bin/python scripts/db_migrate.py --verify --json
2026-07-24 docker image inspect quantconnect/lean:latest
2026-07-24 read-only MySQL dataset_versions, pipeline_runs, and paper_universe_certifications queries
2026-07-24 web/backend/.venv/bin/python -m pytest -q
2026-07-24 cd web/frontend && npm run build
2026-07-24 cd web/frontend && npm run test
2026-07-24 cd web/frontend && npm run test:e2e
